../Core/Src/ssd1306.c:61:6:SSD1306_ScrollRight	16	static
../Core/Src/ssd1306.c:74:6:SSD1306_ScrollLeft	16	static
../Core/Src/ssd1306.c:87:6:SSD1306_Scrolldiagright	16	static
../Core/Src/ssd1306.c:103:6:SSD1306_Scrolldiagleft	16	static
../Core/Src/ssd1306.c:119:6:SSD1306_Stopscroll	8	static
../Core/Src/ssd1306.c:126:6:SSD1306_InvertDisplay	16	static
../Core/Src/ssd1306.c:135:6:SSD1306_DrawBitmap	32	static
../Core/Src/ssd1306.c:165:9:SSD1306_Init	16	static
../Core/Src/ssd1306.c:231:6:SSD1306_UpdateScreen	16	static
../Core/Src/ssd1306.c:244:6:SSD1306_ToggleInvert	16	static
../Core/Src/ssd1306.c:256:6:SSD1306_Fill	16	static
../Core/Src/ssd1306.c:261:6:SSD1306_DrawPixel	16	static
../Core/Src/ssd1306.c:283:6:SSD1306_GotoXY	16	static
../Core/Src/ssd1306.c:289:6:SSD1306_Putc	32	static
../Core/Src/ssd1306.c:320:6:SSD1306_Puts	24	static
../Core/Src/ssd1306.c:338:6:SSD1306_DrawLine	40	static
../Core/Src/ssd1306.c:422:6:SSD1306_DrawRectangle	32	static
../Core/Src/ssd1306.c:447:6:SSD1306_DrawFilledRectangle	40	static
../Core/Src/ssd1306.c:474:6:SSD1306_DrawTriangle	32	static
../Core/Src/ssd1306.c:482:6:SSD1306_DrawFilledTriangle	64	static
../Core/Src/ssd1306.c:538:6:SSD1306_DrawCircle	40	static
../Core/Src/ssd1306.c:572:6:SSD1306_DrawFilledCircle	48	static
../Core/Src/ssd1306.c:605:6:SSD1306_Clear	8	static
../Core/Src/ssd1306.c:610:6:SSD1306_ON	8	static
../Core/Src/ssd1306.c:615:6:SSD1306_OFF	8	static
../Core/Src/ssd1306.c:631:6:ssd1306_I2C_Init	16	static
../Core/Src/ssd1306.c:643:6:ssd1306_I2C_WriteMulti	296	static
../Core/Src/ssd1306.c:653:6:ssd1306_I2C_Write	32	static
