16:22:03 **** Incremental Build of configuration Debug for project AprendendoSTM ****
make -j8 all 
arm-none-eabi-gcc "../Core/Src/main.c" -mcpu=cortex-m4 -std=gnu11 -g3 -DDEBUG -DUSE_HAL_DRIVER -DSTM32F405xx -c -I../Core/Inc -I../Drivers/STM32F4xx_HAL_Driver/Inc -I../Drivers/STM32F4xx_HAL_Driver/Inc/Legacy -I../Drivers/CMSIS/Device/ST/STM32F4xx/Include -I../Drivers/CMSIS/Include -O0 -ffunction-sections -fdata-sections -Wall -fstack-usage -MMD -MP -MF"Core/Src/main.d" -MT"Core/Src/main.o" --specs=nano.specs -mfpu=fpv4-sp-d16 -mfloat-abi=hard -mthumb -o "Core/Src/main.o"
arm-none-eabi-gcc -o "AprendendoSTM.elf" @"objects.list"   -mcpu=cortex-m4 -T"D:\GitHub\Aleatorios\STM32\AprendendoSTM\STM32F405RGTX_FLASH.ld" --specs=nosys.specs -Wl,-Map="AprendendoSTM.map" -Wl,--gc-sections -static --specs=nano.specs -mfpu=fpv4-sp-d16 -mfloat-abi=hard -mthumb -Wl,--start-group -lc -lm -Wl,--end-group
Finished building target: AprendendoSTM.elf
 
arm-none-eabi-size   AprendendoSTM.elf 
arm-none-eabi-objdump -h -S  AprendendoSTM.elf  > "AprendendoSTM.list"
arm-none-eabi-objcopy  -O binary  AprendendoSTM.elf  "AprendendoSTM.bin"
   text	   data	    bss	    dec	    hex	filename
   6116	     20	   1572	   7708	   1e1c	AprendendoSTM.elf
Finished building: default.size.stdout
 
Finished building: AprendendoSTM.bin
 
Finished building: AprendendoSTM.list
 

16:22:04 Build Finished. 0 errors, 0 warnings. (took 783ms)

