01:13:02 **** Incremental Build of configuration Debug for project CreatingMotorClass ****
make -j8 all 
arm-none-eabi-gcc "../Core/Src/main.c" -mcpu=cortex-m4 -std=gnu11 -g3 -DDEBUG -DUSE_HAL_DRIVER -DSTM32F405xx -c -I../Core/Inc -I../Drivers/STM32F4xx_HAL_Driver/Inc -I../Drivers/STM32F4xx_HAL_Driver/Inc/Legacy -I../Drivers/CMSIS/Device/ST/STM32F4xx/Include -I../Drivers/CMSIS/Include -O0 -ffunction-sections -fdata-sections -Wall -fstack-usage -MMD -MP -MF"Core/Src/main.d" -MT"Core/Src/main.o" --specs=nano.specs -mfpu=fpv4-sp-d16 -mfloat-abi=hard -mthumb -o "Core/Src/main.o"
arm-none-eabi-g++ "../CPP/Src/mainCpp.cpp" -mcpu=cortex-m4 -std=gnu++14 -g3 -DDEBUG -DUSE_HAL_DRIVER -DSTM32F405xx -c -I../Core/Inc -I../Drivers/STM32F4xx_HAL_Driver/Inc -I../Drivers/STM32F4xx_HAL_Driver/Inc/Legacy -I../Drivers/CMSIS/Device/ST/STM32F4xx/Include -I../Drivers/CMSIS/Include -I"D:/GitHub/Aleatorios/STM32/CreatingMotorClass/CPP" -I"D:/GitHub/Aleatorios/STM32/CreatingMotorClass/Core/Inc" -O0 -ffunction-sections -fdata-sections -fno-exceptions -fno-rtti -fno-use-cxa-atexit -Wall -fstack-usage -MMD -MP -MF"CPP/Src/mainCpp.d" -MT"CPP/Src/mainCpp.o" --specs=nano.specs -mfpu=fpv4-sp-d16 -mfloat-abi=hard -mthumb -o "CPP/Src/mainCpp.o"
arm-none-eabi-g++ -o "CreatingMotorClass.elf" @"objects.list"   -mcpu=cortex-m4 -T"D:\GitHub\Aleatorios\STM32\CreatingMotorClass\STM32F405RGTX_FLASH.ld" --specs=nosys.specs -Wl,-Map="CreatingMotorClass.map" -Wl,--gc-sections -static --specs=nano.specs -mfpu=fpv4-sp-d16 -mfloat-abi=hard -mthumb -Wl,--start-group -lc -lm -lstdc++ -lsupc++ -Wl,--end-group
Finished building target: CreatingMotorClass.elf
 
arm-none-eabi-size   CreatingMotorClass.elf 
arm-none-eabi-objdump -h -S  CreatingMotorClass.elf  > "CreatingMotorClass.list"
arm-none-eabi-objcopy  -O binary  CreatingMotorClass.elf  "CreatingMotorClass.bin"
   text	   data	    bss	    dec	    hex	filename
   8196	     20	   1644	   9860	   2684	CreatingMotorClass.elf
Finished building: default.size.stdout
 
Finished building: CreatingMotorClass.bin
 
Finished building: CreatingMotorClass.list
 

01:13:03 Build Finished. 0 errors, 0 warnings. (took 1s.183ms)

